=== RUN   TestRPCApprovalDecisionIdentityAndCancellation
=== RUN   TestRPCApprovalDecisionIdentityAndCancellation/once
=== RUN   TestRPCApprovalDecisionIdentityAndCancellation/deny
=== RUN   TestRPCApprovalDecisionIdentityAndCancellation/cancel
--- PASS: TestRPCApprovalDecisionIdentityAndCancellation (0.01s)
    --- PASS: TestRPCApprovalDecisionIdentityAndCancellation/once (0.00s)
    --- PASS: TestRPCApprovalDecisionIdentityAndCancellation/deny (0.00s)
    --- PASS: TestRPCApprovalDecisionIdentityAndCancellation/cancel (0.00s)
=== RUN   TestBudgetRPCRejectionsPreserveDecisionsAndReplay
=== RUN   TestBudgetRPCRejectionsPreserveDecisionsAndReplay/budget.tokens.decide
=== RUN   TestBudgetRPCRejectionsPreserveDecisionsAndReplay/budget.cost.decide
=== RUN   TestBudgetRPCRejectionsPreserveDecisionsAndReplay/budget.time.decide
=== RUN   TestBudgetRPCRejectionsPreserveDecisionsAndReplay/budget.run.tokens.decide
=== RUN   TestBudgetRPCRejectionsPreserveDecisionsAndReplay/budget.run.cost.decide
=== RUN   TestBudgetRPCRejectionsPreserveDecisionsAndReplay/budget.run.time.decide
=== RUN   TestBudgetRPCRejectionsPreserveDecisionsAndReplay/budget.run.select
=== RUN   TestBudgetRPCRejectionsPreserveDecisionsAndReplay/budget.prices.set
--- PASS: TestBudgetRPCRejectionsPreserveDecisionsAndReplay (0.00s)
    --- PASS: TestBudgetRPCRejectionsPreserveDecisionsAndReplay/budget.tokens.decide (0.00s)
    --- PASS: TestBudgetRPCRejectionsPreserveDecisionsAndReplay/budget.cost.decide (0.00s)
    --- PASS: TestBudgetRPCRejectionsPreserveDecisionsAndReplay/budget.time.decide (0.00s)
    --- PASS: TestBudgetRPCRejectionsPreserveDecisionsAndReplay/budget.run.tokens.decide (0.00s)
    --- PASS: TestBudgetRPCRejectionsPreserveDecisionsAndReplay/budget.run.cost.decide (0.00s)
    --- PASS: TestBudgetRPCRejectionsPreserveDecisionsAndReplay/budget.run.time.decide (0.00s)
    --- PASS: TestBudgetRPCRejectionsPreserveDecisionsAndReplay/budget.run.select (0.00s)
    --- PASS: TestBudgetRPCRejectionsPreserveDecisionsAndReplay/budget.prices.set (0.00s)
=== RUN   TestCheckpointChangesRPC
--- PASS: TestCheckpointChangesRPC (0.00s)
=== RUN   TestContextStateRPCRevisionAndReplay
--- PASS: TestContextStateRPCRevisionAndReplay (0.00s)
=== RUN   TestControlQueueReplayPersistsAcrossReopen
--- PASS: TestControlQueueReplayPersistsAcrossReopen (0.00s)
=== RUN   TestControlUncertainDoesNotExecute
--- PASS: TestControlUncertainDoesNotExecute (0.00s)
=== RUN   TestControlLargeQueueResponsePersists
--- PASS: TestControlLargeQueueResponsePersists (0.01s)
=== RUN   TestControlLedgerRejectsInvalidResponseIdentity
--- PASS: TestControlLedgerRejectsInvalidResponseIdentity (0.00s)
=== RUN   TestControlResponseAmbiguityRejectedBeforePersistence
=== RUN   TestControlResponseAmbiguityRejectedBeforePersistence/null_error
=== RUN   TestControlResponseAmbiguityRejectedBeforePersistence/escaped_request
=== RUN   TestControlResponseAmbiguityRejectedBeforePersistence/duplicate_version
=== RUN   TestControlResponseAmbiguityRejectedBeforePersistence/case_alias
=== RUN   TestControlResponseAmbiguityRejectedBeforePersistence/duplicate_error_code
=== RUN   TestControlResponseAmbiguityRejectedBeforePersistence/duplicate_request
=== RUN   TestControlResponseAmbiguityRejectedBeforePersistence/unknown_field
=== RUN   TestControlResponseAmbiguityRejectedBeforePersistence/duplicate_result
=== RUN   TestControlResponseAmbiguityRejectedBeforePersistence/empty_error
=== RUN   TestControlResponseAmbiguityRejectedBeforePersistence/alias_error_code
--- PASS: TestControlResponseAmbiguityRejectedBeforePersistence (0.00s)
    --- PASS: TestControlResponseAmbiguityRejectedBeforePersistence/null_error (0.00s)
    --- PASS: TestControlResponseAmbiguityRejectedBeforePersistence/escaped_request (0.00s)
    --- PASS: TestControlResponseAmbiguityRejectedBeforePersistence/duplicate_version (0.00s)
    --- PASS: TestControlResponseAmbiguityRejectedBeforePersistence/case_alias (0.00s)
    --- PASS: TestControlResponseAmbiguityRejectedBeforePersistence/duplicate_error_code (0.00s)
    --- PASS: TestControlResponseAmbiguityRejectedBeforePersistence/duplicate_request (0.00s)
    --- PASS: TestControlResponseAmbiguityRejectedBeforePersistence/unknown_field (0.00s)
    --- PASS: TestControlResponseAmbiguityRejectedBeforePersistence/duplicate_result (0.00s)
    --- PASS: TestControlResponseAmbiguityRejectedBeforePersistence/empty_error (0.00s)
    --- PASS: TestControlResponseAmbiguityRejectedBeforePersistence/alias_error_code (0.00s)
=== RUN   TestLedgerEnvelopeRejectsAmbiguityWithoutChangingEvidence
=== RUN   TestLedgerEnvelopeRejectsAmbiguityWithoutChangingEvidence/id/duplicate
=== RUN   TestLedgerEnvelopeRejectsAmbiguityWithoutChangingEvidence/id/alias
=== RUN   TestLedgerEnvelopeRejectsAmbiguityWithoutChangingEvidence/session_id/duplicate
=== RUN   TestLedgerEnvelopeRejectsAmbiguityWithoutChangingEvidence/session_id/alias
=== RUN   TestLedgerEnvelopeRejectsAmbiguityWithoutChangingEvidence/state/duplicate
=== RUN   TestLedgerEnvelopeRejectsAmbiguityWithoutChangingEvidence/state/alias
=== RUN   TestLedgerEnvelopeRejectsAmbiguityWithoutChangingEvidence/fingerprint/duplicate
=== RUN   TestLedgerEnvelopeRejectsAmbiguityWithoutChangingEvidence/fingerprint/alias
--- PASS: TestLedgerEnvelopeRejectsAmbiguityWithoutChangingEvidence (0.00s)
    --- PASS: TestLedgerEnvelopeRejectsAmbiguityWithoutChangingEvidence/id/duplicate (0.00s)
    --- PASS: TestLedgerEnvelopeRejectsAmbiguityWithoutChangingEvidence/id/alias (0.00s)
    --- PASS: TestLedgerEnvelopeRejectsAmbiguityWithoutChangingEvidence/session_id/duplicate (0.00s)
    --- PASS: TestLedgerEnvelopeRejectsAmbiguityWithoutChangingEvidence/session_id/alias (0.00s)
    --- PASS: TestLedgerEnvelopeRejectsAmbiguityWithoutChangingEvidence/state/duplicate (0.00s)
    --- PASS: TestLedgerEnvelopeRejectsAmbiguityWithoutChangingEvidence/state/alias (0.00s)
    --- PASS: TestLedgerEnvelopeRejectsAmbiguityWithoutChangingEvidence/fingerprint/duplicate (0.00s)
    --- PASS: TestLedgerEnvelopeRejectsAmbiguityWithoutChangingEvidence/fingerprint/alias (0.00s)
=== RUN   TestRPCRejectedControlsPreserveSessionAndDoNotExecute
=== RUN   TestRPCRejectedControlsPreserveSessionAndDoNotExecute/session.new/0
=== RUN   TestRPCRejectedControlsPreserveSessionAndDoNotExecute/session.select/1
=== RUN   TestRPCRejectedControlsPreserveSessionAndDoNotExecute/session.select/2
=== RUN   TestRPCRejectedControlsPreserveSessionAndDoNotExecute/session.select/3
=== RUN   TestRPCRejectedControlsPreserveSessionAndDoNotExecute/session.select/4
=== RUN   TestRPCRejectedControlsPreserveSessionAndDoNotExecute/session.name/5
=== RUN   TestRPCRejectedControlsPreserveSessionAndDoNotExecute/session.name/6
=== RUN   TestRPCRejectedControlsPreserveSessionAndDoNotExecute/profile.select/7
=== RUN   TestRPCRejectedControlsPreserveSessionAndDoNotExecute/profile.select/8
=== RUN   TestRPCRejectedControlsPreserveSessionAndDoNotExecute/profile.select/9
=== RUN   TestRPCRejectedControlsPreserveSessionAndDoNotExecute/session.list/10
=== RUN   TestRPCRejectedControlsPreserveSessionAndDoNotExecute/session.list/11
=== RUN   TestRPCRejectedControlsPreserveSessionAndDoNotExecute/session.list/12
=== RUN   TestRPCRejectedControlsPreserveSessionAndDoNotExecute/session.list/13
=== RUN   TestRPCRejectedControlsPreserveSessionAndDoNotExecute/session.list/14
--- PASS: TestRPCRejectedControlsPreserveSessionAndDoNotExecute (0.00s)
    --- PASS: TestRPCRejectedControlsPreserveSessionAndDoNotExecute/session.new/0 (0.00s)
    --- PASS: TestRPCRejectedControlsPreserveSessionAndDoNotExecute/session.select/1 (0.00s)
    --- PASS: TestRPCRejectedControlsPreserveSessionAndDoNotExecute/session.select/2 (0.00s)
    --- PASS: TestRPCRejectedControlsPreserveSessionAndDoNotExecute/session.select/3 (0.00s)
    --- PASS: TestRPCRejectedControlsPreserveSessionAndDoNotExecute/session.select/4 (0.00s)
    --- PASS: TestRPCRejectedControlsPreserveSessionAndDoNotExecute/session.name/5 (0.00s)
    --- PASS: TestRPCRejectedControlsPreserveSessionAndDoNotExecute/session.name/6 (0.00s)
    --- PASS: TestRPCRejectedControlsPreserveSessionAndDoNotExecute/profile.select/7 (0.00s)
    --- PASS: TestRPCRejectedControlsPreserveSessionAndDoNotExecute/profile.select/8 (0.00s)
    --- PASS: TestRPCRejectedControlsPreserveSessionAndDoNotExecute/profile.select/9 (0.00s)
    --- PASS: TestRPCRejectedControlsPreserveSessionAndDoNotExecute/session.list/10 (0.00s)
    --- PASS: TestRPCRejectedControlsPreserveSessionAndDoNotExecute/session.list/11 (0.00s)
    --- PASS: TestRPCRejectedControlsPreserveSessionAndDoNotExecute/session.list/12 (0.00s)
    --- PASS: TestRPCRejectedControlsPreserveSessionAndDoNotExecute/session.list/13 (0.00s)
    --- PASS: TestRPCRejectedControlsPreserveSessionAndDoNotExecute/session.list/14 (0.00s)
=== RUN   TestRPCSessionAndProfileControls
--- PASS: TestRPCSessionAndProfileControls (0.00s)
=== RUN   TestCostBudgetRPCDecisionsPricesAndReplay
--- PASS: TestCostBudgetRPCDecisionsPricesAndReplay (0.00s)
=== RUN   TestDispatcherPromptReplayAndBoundedPoll
--- PASS: TestDispatcherPromptReplayAndBoundedPoll (0.01s)
=== RUN   TestDispatcherDisconnectCancelsAndPersistsTerminal
--- PASS: TestDispatcherDisconnectCancelsAndPersistsTerminal (0.00s)
=== RUN   TestEmptyParameterMethodsRejectUnknownFieldsWithoutEffects
=== RUN   TestEmptyParameterMethodsRejectUnknownFieldsWithoutEffects/state
=== RUN   TestEmptyParameterMethodsRejectUnknownFieldsWithoutEffects/approval.pending
=== RUN   TestEmptyParameterMethodsRejectUnknownFieldsWithoutEffects/cancel
--- PASS: TestEmptyParameterMethodsRejectUnknownFieldsWithoutEffects (0.00s)
    --- PASS: TestEmptyParameterMethodsRejectUnknownFieldsWithoutEffects/state (0.00s)
    --- PASS: TestEmptyParameterMethodsRejectUnknownFieldsWithoutEffects/approval.pending (0.00s)
    --- PASS: TestEmptyParameterMethodsRejectUnknownFieldsWithoutEffects/cancel (0.00s)
=== RUN   TestExtensionRPCQuestionReplayAndDisconnect
=== RUN   TestExtensionRPCQuestionReplayAndDisconnect/answer
=== RUN   TestExtensionRPCQuestionReplayAndDisconnect/cancel
=== RUN   TestExtensionRPCQuestionReplayAndDisconnect/disconnect
--- PASS: TestExtensionRPCQuestionReplayAndDisconnect (0.04s)
    --- PASS: TestExtensionRPCQuestionReplayAndDisconnect/answer (0.02s)
    --- PASS: TestExtensionRPCQuestionReplayAndDisconnect/cancel (0.01s)
    --- PASS: TestExtensionRPCQuestionReplayAndDisconnect/disconnect (0.01s)
=== RUN   TestAutomaticFollowupsFIFOAndDurablePredecessor
--- PASS: TestAutomaticFollowupsFIFOAndDurablePredecessor (0.00s)
=== RUN   TestAutomaticCancellationRequiresResumeAndReplayStillWorks
--- PASS: TestAutomaticCancellationRequiresResumeAndReplayStillWorks (0.00s)
=== RUN   TestRPCPromptResolvesWorkspaceReference
--- PASS: TestRPCPromptResolvesWorkspaceReference (0.00s)
=== RUN   TestLedgerCrashFixture
--- PASS: TestLedgerCrashFixture (0.00s)
=== RUN   TestLedgerKilledWriterNeverReexecutes
=== RUN   TestLedgerKilledWriterNeverReexecutes/pending
=== RUN   TestLedgerKilledWriterNeverReexecutes/accepted
=== RUN   TestLedgerKilledWriterNeverReexecutes/completed
--- PASS: TestLedgerKilledWriterNeverReexecutes (0.05s)
    --- PASS: TestLedgerKilledWriterNeverReexecutes/pending (0.02s)
    --- PASS: TestLedgerKilledWriterNeverReexecutes/accepted (0.01s)
    --- PASS: TestLedgerKilledWriterNeverReexecutes/completed (0.02s)
=== RUN   TestControlLedgerKilledWriterNeverReexecutes
=== RUN   TestControlLedgerKilledWriterNeverReexecutes/pending
=== RUN   TestControlLedgerKilledWriterNeverReexecutes/accepted
=== RUN   TestControlLedgerKilledWriterNeverReexecutes/completed
--- PASS: TestControlLedgerKilledWriterNeverReexecutes (0.05s)
    --- PASS: TestControlLedgerKilledWriterNeverReexecutes/pending (0.01s)
    --- PASS: TestControlLedgerKilledWriterNeverReexecutes/accepted (0.02s)
    --- PASS: TestControlLedgerKilledWriterNeverReexecutes/completed (0.01s)
=== RUN   TestLedgerRejectsCorruptTransitionsWithoutGrantingReplay
=== RUN   TestLedgerRejectsCorruptTransitionsWithoutGrantingReplay/unknown_kind
=== RUN   TestLedgerRejectsCorruptTransitionsWithoutGrantingReplay/control_with_run
=== RUN   TestLedgerRejectsCorruptTransitionsWithoutGrantingReplay/prompt_with_operation
=== RUN   TestLedgerRejectsCorruptTransitionsWithoutGrantingReplay/empty_id
=== RUN   TestLedgerRejectsCorruptTransitionsWithoutGrantingReplay/oversized_id
=== RUN   TestLedgerRejectsCorruptTransitionsWithoutGrantingReplay/empty_session
=== RUN   TestLedgerRejectsCorruptTransitionsWithoutGrantingReplay/short_fingerprint
=== RUN   TestLedgerRejectsCorruptTransitionsWithoutGrantingReplay/nonhex_fingerprint
=== RUN   TestLedgerRejectsCorruptTransitionsWithoutGrantingReplay/changed_fingerprint
=== RUN   TestLedgerRejectsCorruptTransitionsWithoutGrantingReplay/changed_session
=== RUN   TestLedgerRejectsCorruptTransitionsWithoutGrantingReplay/changed_run
=== RUN   TestLedgerRejectsCorruptTransitionsWithoutGrantingReplay/reverted_pending
=== RUN   TestLedgerRejectsCorruptTransitionsWithoutGrantingReplay/repeated_accepted
=== RUN   TestLedgerRejectsCorruptTransitionsWithoutGrantingReplay/unknown_state
=== RUN   TestLedgerRejectsCorruptTransitionsWithoutGrantingReplay/missing_result
=== RUN   TestLedgerRejectsCorruptTransitionsWithoutGrantingReplay/unknown_completed_request
--- PASS: TestLedgerRejectsCorruptTransitionsWithoutGrantingReplay (0.00s)
    --- PASS: TestLedgerRejectsCorruptTransitionsWithoutGrantingReplay/unknown_kind (0.00s)
    --- PASS: TestLedgerRejectsCorruptTransitionsWithoutGrantingReplay/control_with_run (0.00s)
    --- PASS: TestLedgerRejectsCorruptTransitionsWithoutGrantingReplay/prompt_with_operation (0.00s)
    --- PASS: TestLedgerRejectsCorruptTransitionsWithoutGrantingReplay/empty_id (0.00s)
    --- PASS: TestLedgerRejectsCorruptTransitionsWithoutGrantingReplay/oversized_id (0.00s)
    --- PASS: TestLedgerRejectsCorruptTransitionsWithoutGrantingReplay/empty_session (0.00s)
    --- PASS: TestLedgerRejectsCorruptTransitionsWithoutGrantingReplay/short_fingerprint (0.00s)
    --- PASS: TestLedgerRejectsCorruptTransitionsWithoutGrantingReplay/nonhex_fingerprint (0.00s)
    --- PASS: TestLedgerRejectsCorruptTransitionsWithoutGrantingReplay/changed_fingerprint (0.00s)
    --- PASS: TestLedgerRejectsCorruptTransitionsWithoutGrantingReplay/changed_session (0.00s)
    --- PASS: TestLedgerRejectsCorruptTransitionsWithoutGrantingReplay/changed_run (0.00s)
    --- PASS: TestLedgerRejectsCorruptTransitionsWithoutGrantingReplay/reverted_pending (0.00s)
    --- PASS: TestLedgerRejectsCorruptTransitionsWithoutGrantingReplay/repeated_accepted (0.00s)
    --- PASS: TestLedgerRejectsCorruptTransitionsWithoutGrantingReplay/unknown_state (0.00s)
    --- PASS: TestLedgerRejectsCorruptTransitionsWithoutGrantingReplay/missing_result (0.00s)
    --- PASS: TestLedgerRejectsCorruptTransitionsWithoutGrantingReplay/unknown_completed_request (0.00s)
=== RUN   TestLedgerDuplicateAndRestartDoNotGrantExecution
--- PASS: TestLedgerDuplicateAndRestartDoNotGrantExecution (0.00s)
=== RUN   TestLedgerCompletedResultSurvivesRestartAndIsCopied
--- PASS: TestLedgerCompletedResultSurvivesRestartAndIsCopied (0.00s)
=== RUN   TestLedgerExclusiveWriterAndTruncatedTail
--- PASS: TestLedgerExclusiveWriterAndTruncatedTail (0.00s)
=== RUN   TestLedgerPendingIntentIsUncertainAfterRestart
--- PASS: TestLedgerPendingIntentIsUncertainAfterRestart (0.00s)
=== RUN   TestLedgerConcurrentDuplicateHasOneExecutionGrant
--- PASS: TestLedgerConcurrentDuplicateHasOneExecutionGrant (0.00s)
=== RUN   TestPermissionInspectionRevocationAndReplay
--- PASS: TestPermissionInspectionRevocationAndReplay (0.00s)
=== RUN   TestRPCQueueControlsAndFollowupExecution
--- PASS: TestRPCQueueControlsAndFollowupExecution (0.00s)
=== RUN   TestRunBudgetRPCDecisionsSelectionAndReplay
--- PASS: TestRunBudgetRPCDecisionsSelectionAndReplay (0.00s)
=== RUN   TestSkillsReloadRPCAndReplay
--- PASS: TestSkillsReloadRPCAndReplay (0.00s)
=== RUN   TestSlowConsumerReconnectRecoversExactTerminalWithoutReplay
--- PASS: TestSlowConsumerReconnectRecoversExactTerminalWithoutReplay (0.11s)
=== RUN   TestSummarizerRPCReviewConfirmationAndReplay
--- PASS: TestSummarizerRPCReviewConfirmationAndReplay (0.00s)
=== RUN   TestLedgerTerminalMustMatchRunAndOutcomeBeforeWriteOrReplay
=== RUN   TestLedgerTerminalMustMatchRunAndOutcomeBeforeWriteOrReplay/request
=== RUN   TestLedgerTerminalMustMatchRunAndOutcomeBeforeWriteOrReplay/missing_sequence
=== RUN   TestLedgerTerminalMustMatchRunAndOutcomeBeforeWriteOrReplay/null_payload
=== RUN   TestLedgerTerminalMustMatchRunAndOutcomeBeforeWriteOrReplay/session
=== RUN   TestLedgerTerminalMustMatchRunAndOutcomeBeforeWriteOrReplay/duplicate_status
=== RUN   TestLedgerTerminalMustMatchRunAndOutcomeBeforeWriteOrReplay/missing_reason
=== RUN   TestLedgerTerminalMustMatchRunAndOutcomeBeforeWriteOrReplay/nonterminal
=== RUN   TestLedgerTerminalMustMatchRunAndOutcomeBeforeWriteOrReplay/missing_event
=== RUN   TestLedgerTerminalMustMatchRunAndOutcomeBeforeWriteOrReplay/missing_time
=== RUN   TestLedgerTerminalMustMatchRunAndOutcomeBeforeWriteOrReplay/null_verified
=== RUN   TestLedgerTerminalMustMatchRunAndOutcomeBeforeWriteOrReplay/case_alias_verified
=== RUN   TestLedgerTerminalMustMatchRunAndOutcomeBeforeWriteOrReplay/run
=== RUN   TestLedgerTerminalMustMatchRunAndOutcomeBeforeWriteOrReplay/version
=== RUN   TestLedgerTerminalMustMatchRunAndOutcomeBeforeWriteOrReplay/unknown_status
=== RUN   TestLedgerTerminalMustMatchRunAndOutcomeBeforeWriteOrReplay/failed_verified
--- PASS: TestLedgerTerminalMustMatchRunAndOutcomeBeforeWriteOrReplay (0.00s)
    --- PASS: TestLedgerTerminalMustMatchRunAndOutcomeBeforeWriteOrReplay/request (0.00s)
    --- PASS: TestLedgerTerminalMustMatchRunAndOutcomeBeforeWriteOrReplay/missing_sequence (0.00s)
    --- PASS: TestLedgerTerminalMustMatchRunAndOutcomeBeforeWriteOrReplay/null_payload (0.00s)
    --- PASS: TestLedgerTerminalMustMatchRunAndOutcomeBeforeWriteOrReplay/session (0.00s)
    --- PASS: TestLedgerTerminalMustMatchRunAndOutcomeBeforeWriteOrReplay/duplicate_status (0.00s)
    --- PASS: TestLedgerTerminalMustMatchRunAndOutcomeBeforeWriteOrReplay/missing_reason (0.00s)
    --- PASS: TestLedgerTerminalMustMatchRunAndOutcomeBeforeWriteOrReplay/nonterminal (0.00s)
    --- PASS: TestLedgerTerminalMustMatchRunAndOutcomeBeforeWriteOrReplay/missing_event (0.00s)
    --- PASS: TestLedgerTerminalMustMatchRunAndOutcomeBeforeWriteOrReplay/missing_time (0.00s)
    --- PASS: TestLedgerTerminalMustMatchRunAndOutcomeBeforeWriteOrReplay/null_verified (0.00s)
    --- PASS: TestLedgerTerminalMustMatchRunAndOutcomeBeforeWriteOrReplay/case_alias_verified (0.00s)
    --- PASS: TestLedgerTerminalMustMatchRunAndOutcomeBeforeWriteOrReplay/run (0.00s)
    --- PASS: TestLedgerTerminalMustMatchRunAndOutcomeBeforeWriteOrReplay/version (0.00s)
    --- PASS: TestLedgerTerminalMustMatchRunAndOutcomeBeforeWriteOrReplay/unknown_status (0.00s)
    --- PASS: TestLedgerTerminalMustMatchRunAndOutcomeBeforeWriteOrReplay/failed_verified (0.00s)
=== RUN   TestTimeBudgetRPCExplicitDecisionAndReplay
--- PASS: TestTimeBudgetRPCExplicitDecisionAndReplay (0.00s)
=== RUN   TestTokenBudgetRPCExplicitDecisionAndReplay
--- PASS: TestTokenBudgetRPCExplicitDecisionAndReplay (0.00s)
=== RUN   TestTransportNegotiationAndDisconnectJoins
--- PASS: TestTransportNegotiationAndDisconnectJoins (0.00s)
=== RUN   TestTransportSlowReaderIsClosed
--- PASS: TestTransportSlowReaderIsClosed (0.02s)
=== RUN   TestTransportParentCancellationUnblocksRead
--- PASS: TestTransportParentCancellationUnblocksRead (0.00s)
=== RUN   TestTransportDisconnectUnblocksFollowupResolution
--- PASS: TestTransportDisconnectUnblocksFollowupResolution (0.00s)
=== RUN   TestVerificationRPCAsyncCompletionAndCancel
=== RUN   TestVerificationRPCAsyncCompletionAndCancel/complete
=== RUN   TestVerificationRPCAsyncCompletionAndCancel/cancel
=== RUN   TestVerificationRPCAsyncCompletionAndCancel/disconnect
--- PASS: TestVerificationRPCAsyncCompletionAndCancel (0.01s)
    --- PASS: TestVerificationRPCAsyncCompletionAndCancel/complete (0.00s)
    --- PASS: TestVerificationRPCAsyncCompletionAndCancel/cancel (0.00s)
    --- PASS: TestVerificationRPCAsyncCompletionAndCancel/disconnect (0.00s)
=== RUN   TestWorkspaceLedgerIdentityAndIsolation
--- PASS: TestWorkspaceLedgerIdentityAndIsolation (0.00s)
PASS
