TestRPCApprovalDecisionIdentityAndCancellation
TestBudgetRPCRejectionsPreserveDecisionsAndReplay
TestCheckpointChangesRPC
TestContextStateRPCRevisionAndReplay
TestControlQueueReplayPersistsAcrossReopen
TestControlUncertainDoesNotExecute
TestControlLargeQueueResponsePersists
TestControlLedgerRejectsInvalidResponseIdentity
TestControlResponseAmbiguityRejectedBeforePersistence
TestLedgerEnvelopeRejectsAmbiguityWithoutChangingEvidence
TestRPCRejectedControlsPreserveSessionAndDoNotExecute
TestRPCSessionAndProfileControls
TestCostBudgetRPCDecisionsPricesAndReplay
TestDispatcherPromptReplayAndBoundedPoll
TestDispatcherDisconnectCancelsAndPersistsTerminal
TestEmptyParameterMethodsRejectUnknownFieldsWithoutEffects
TestExtensionRPCQuestionReplayAndDisconnect
TestAutomaticFollowupsFIFOAndDurablePredecessor
TestAutomaticCancellationRequiresResumeAndReplayStillWorks
TestRPCPromptResolvesWorkspaceReference
TestLedgerCrashFixture
TestLedgerKilledWriterNeverReexecutes
TestControlLedgerKilledWriterNeverReexecutes
TestLedgerRejectsCorruptTransitionsWithoutGrantingReplay
TestLedgerDuplicateAndRestartDoNotGrantExecution
TestLedgerCompletedResultSurvivesRestartAndIsCopied
TestLedgerExclusiveWriterAndTruncatedTail
TestLedgerPendingIntentIsUncertainAfterRestart
TestLedgerConcurrentDuplicateHasOneExecutionGrant
TestPermissionInspectionRevocationAndReplay
TestRPCQueueControlsAndFollowupExecution
TestRunBudgetRPCDecisionsSelectionAndReplay
TestSkillsReloadRPCAndReplay
TestSlowConsumerReconnectRecoversExactTerminalWithoutReplay
TestSummarizerRPCReviewConfirmationAndReplay
TestLedgerTerminalMustMatchRunAndOutcomeBeforeWriteOrReplay
TestTimeBudgetRPCExplicitDecisionAndReplay
TestTokenBudgetRPCExplicitDecisionAndReplay
TestTransportNegotiationAndDisconnectJoins
TestTransportSlowReaderIsClosed
TestTransportParentCancellationUnblocksRead
TestTransportDisconnectUnblocksFollowupResolution
TestVerificationRPCAsyncCompletionAndCancel
TestWorkspaceLedgerIdentityAndIsolation
