fuzz: elapsed: 0s, gathering baseline coverage: 0/135 completed
fuzz: elapsed: 0s, gathering baseline coverage: 135/135 completed, now fuzzing with 2 workers
fuzz: elapsed: 3s, execs: 180721 (60200/sec), new interesting: 0 (total: 135)
fuzz: elapsed: 6s, execs: 334112 (51145/sec), new interesting: 0 (total: 135)
fuzz: elapsed: 9s, execs: 334112 (0/sec), new interesting: 0 (total: 135)
fuzz: elapsed: 12s, execs: 334112 (0/sec), new interesting: 0 (total: 135)
fuzz: elapsed: 15s, execs: 334112 (0/sec), new interesting: 0 (total: 135)
fuzz: elapsed: 18s, execs: 882911 (183025/sec), new interesting: 0 (total: 135)
fuzz: elapsed: 21s, execs: 882911 (0/sec), new interesting: 0 (total: 135)
fuzz: elapsed: 24s, execs: 882911 (0/sec), new interesting: 0 (total: 135)
fuzz: elapsed: 27s, execs: 882911 (0/sec), new interesting: 0 (total: 135)
fuzz: elapsed: 30s, execs: 1551194 (222882/sec), new interesting: 1 (total: 136)
fuzz: elapsed: 33s, execs: 1551194 (0/sec), new interesting: 1 (total: 136)
fuzz: elapsed: 36s, execs: 1551194 (0/sec), new interesting: 1 (total: 136)
fuzz: elapsed: 39s, execs: 1551194 (0/sec), new interesting: 1 (total: 136)
fuzz: elapsed: 42s, execs: 2081210 (176702/sec), new interesting: 1 (total: 136)
fuzz: elapsed: 45s, execs: 2081210 (0/sec), new interesting: 1 (total: 136)
fuzz: elapsed: 48s, execs: 2081210 (0/sec), new interesting: 1 (total: 136)
fuzz: elapsed: 51s, execs: 2081210 (0/sec), new interesting: 1 (total: 136)
fuzz: elapsed: 54s, execs: 2081210 (0/sec), new interesting: 1 (total: 136)
fuzz: elapsed: 57s, execs: 2081210 (0/sec), new interesting: 1 (total: 136)
fuzz: elapsed: 1m0s, execs: 2627902 (182300/sec), new interesting: 3 (total: 138)
fuzz: elapsed: 1m1s, execs: 2627902 (0/sec), new interesting: 3 (total: 138)
PASS
ok  	github.com/sausheong/hand/extension/protocol	61.412s
