fuzz: elapsed: 0s, gathering baseline coverage: 0/320 completed
fuzz: elapsed: 0s, gathering baseline coverage: 320/320 completed, now fuzzing with 2 workers
fuzz: elapsed: 3s, execs: 65973 (21976/sec), new interesting: 1 (total: 321)
fuzz: elapsed: 6s, execs: 65973 (0/sec), new interesting: 1 (total: 321)
fuzz: elapsed: 9s, execs: 65973 (0/sec), new interesting: 1 (total: 321)
fuzz: elapsed: 12s, execs: 65973 (0/sec), new interesting: 1 (total: 321)
fuzz: elapsed: 15s, execs: 65973 (0/sec), new interesting: 1 (total: 321)
fuzz: elapsed: 18s, execs: 65973 (0/sec), new interesting: 1 (total: 321)
fuzz: elapsed: 21s, execs: 65973 (0/sec), new interesting: 1 (total: 321)
fuzz: elapsed: 24s, execs: 65973 (0/sec), new interesting: 1 (total: 321)
fuzz: elapsed: 27s, execs: 65973 (0/sec), new interesting: 1 (total: 321)
fuzz: elapsed: 30s, execs: 65973 (0/sec), new interesting: 1 (total: 321)
fuzz: elapsed: 33s, execs: 65973 (0/sec), new interesting: 1 (total: 321)
fuzz: elapsed: 36s, execs: 65973 (0/sec), new interesting: 1 (total: 321)
fuzz: elapsed: 39s, execs: 65973 (0/sec), new interesting: 1 (total: 321)
fuzz: elapsed: 42s, execs: 65973 (0/sec), new interesting: 1 (total: 321)
fuzz: elapsed: 45s, execs: 65973 (0/sec), new interesting: 1 (total: 321)
fuzz: elapsed: 48s, execs: 65973 (0/sec), new interesting: 1 (total: 321)
fuzz: elapsed: 51s, execs: 65973 (0/sec), new interesting: 1 (total: 321)
fuzz: elapsed: 54s, execs: 65973 (0/sec), new interesting: 1 (total: 321)
fuzz: elapsed: 57s, execs: 65973 (0/sec), new interesting: 1 (total: 321)
fuzz: elapsed: 1m0s, execs: 65973 (0/sec), new interesting: 1 (total: 321)
fuzz: elapsed: 1m1s, execs: 65973 (0/sec), new interesting: 1 (total: 321)
PASS
ok  	github.com/sausheong/harness/session	61.473s
